// Jest Snapshot v1, https://jestjs.io/docs/snapshot-testing

exports[`Info Chip Snapshot test 1`] = `
<body>
  <div>
    <div
      class="flex h-6 flex-row items-center rounded-2xl border px-2  border-border-success-light bg-fill-success-light  "
      data-testid="defaultStatusChipTestId"
    >
      <div
        class=" mr-1 bg-fill-success h-1 w-1 rounded-full"
      />
      <div
        class="label-small cursor-default font-medium text-text-success "
      >
        Success
      </div>
    </div>
  </div>
</body>
`;
