// Jest Snapshot v1, https://jestjs.io/docs/snapshot-testing

exports[`HorizontalBarChart renders correctly with all props provided (snapshot) 1`] = `
<DocumentFragment>
  <div
    class=" relative flex items-end gap-10 "
    data-testid="horizontal-bar-chart-test-id"
  >
    <svg
      height="400"
      width="600"
    >
      <defs>
        <pattern
          height="8"
          id="vertical-grid-dash-pattern"
          patternUnits="userSpaceOnUse"
          width="1"
        >
          <rect
            fill="#00000029"
            height="4"
            width="1"
            x="0"
            y="0"
          />
        </pattern>
      </defs>
      <g
        class="visx-group"
        transform="translate(0, 0)"
      >
        <g
          class="visx-group visx-columns"
          transform="translate(0, 0)"
        >
          <rect
            fill="#0000001F"
            height="354"
            shape-rendering="crispEdges"
            width="1"
            x="40"
            y="0"
          />
          <rect
            fill="url('#vertical-grid-dash-pattern')"
            height="354"
            shape-rendering="crispEdges"
            width="1"
            x="90"
            y="0"
          />
          <rect
            fill="url('#vertical-grid-dash-pattern')"
            height="354"
            shape-rendering="crispEdges"
            width="1"
            x="140"
            y="0"
          />
          <rect
            fill="url('#vertical-grid-dash-pattern')"
            height="354"
            shape-rendering="crispEdges"
            width="1"
            x="190"
            y="0"
          />
          <rect
            fill="url('#vertical-grid-dash-pattern')"
            height="354"
            shape-rendering="crispEdges"
            width="1"
            x="240"
            y="0"
          />
          <rect
            fill="url('#vertical-grid-dash-pattern')"
            height="354"
            shape-rendering="crispEdges"
            width="1"
            x="290"
            y="0"
          />
          <rect
            fill="url('#vertical-grid-dash-pattern')"
            height="354"
            shape-rendering="crispEdges"
            width="1"
            x="340"
            y="0"
          />
          <rect
            fill="url('#vertical-grid-dash-pattern')"
            height="354"
            shape-rendering="crispEdges"
            width="1"
            x="390"
            y="0"
          />
          <rect
            fill="url('#vertical-grid-dash-pattern')"
            height="354"
            shape-rendering="crispEdges"
            width="1"
            x="440"
            y="0"
          />
          <rect
            fill="url('#vertical-grid-dash-pattern')"
            height="354"
            shape-rendering="crispEdges"
            width="1"
            x="490"
            y="0"
          />
          <rect
            fill="url('#vertical-grid-dash-pattern')"
            height="354"
            shape-rendering="crispEdges"
            width="1"
            x="540"
            y="0"
          />
        </g>
        <g
          class="visx-group visx-axis visx-axis-left"
          transform="translate(30, 0)"
        >
          <g
            class="visx-group visx-axis-tick"
            transform="translate(0, 0)"
          >
            <svg
              style="overflow: visible;"
              x="0"
              y="0"
            >
              <text
                class="!label-small fill-[rgba(0,0,0,0.4)]"
                text-anchor="end"
                transform=""
                x="-8"
                y="304"
              >
                <tspan
                  dy="5"
                  x="-8"
                >
                  A
                </tspan>
              </text>
            </svg>
          </g>
          <g
            class="visx-group visx-axis-tick"
            transform="translate(0, 0)"
          >
            <svg
              style="overflow: visible;"
              x="0"
              y="0"
            >
              <text
                class="!label-small fill-[rgba(0,0,0,0.4)]"
                text-anchor="end"
                transform=""
                x="-8"
                y="185"
              >
                <tspan
                  dy="5"
                  x="-8"
                >
                  B
                </tspan>
              </text>
            </svg>
          </g>
          <g
            class="visx-group visx-axis-tick"
            transform="translate(0, 0)"
          >
            <svg
              style="overflow: visible;"
              x="0"
              y="0"
            >
              <text
                class="!label-small fill-[rgba(0,0,0,0.4)]"
                text-anchor="end"
                transform=""
                x="-8"
                y="66"
              >
                <tspan
                  dy="5"
                  x="-8"
                >
                  C
                </tspan>
              </text>
            </svg>
          </g>
        </g>
        <g
          class="visx-group relative z-10"
          transform="translate(0, 0)"
          width="600"
        >
          <path
            class=" "
            d="M 40.5,268 
                      h242 
                      a8,8 0 0 1 8,8 
                      v55 
                      a8,8 0 0 1 -8,8 
                      h-242 
                      z"
            fill="url('#horizontal-slant-pattern-0-#FF6914')"
            stroke="#FBCBB0"
            stroke-width="0.5"
            style="filter: url('#horizontal-shadow-0-#FF6914');"
          />
          <svg
            style="overflow: visible;"
            x="0"
            y="0"
          >
            <text
              class="label-small fill-text-text"
              text-anchor="start"
              transform=""
              x="296"
              y="303.5"
            >
              <tspan
                dy="0.355em"
                x="296"
              >
                10
              </tspan>
            </text>
          </svg>
          <path
            class=" "
            d="M 40.5,149 
                      h492 
                      a8,8 0 0 1 8,8 
                      v55 
                      a8,8 0 0 1 -8,8 
                      h-492 
                      z"
            fill="url('#horizontal-bar-gradient-max')"
            stroke="#FBCBB0"
            stroke-width="0"
            style="filter: url('#horizontal-shadow-max');"
          />
          <svg
            style="overflow: visible;"
            x="0"
            y="0"
          >
            <text
              class="label-small fill-text-text"
              text-anchor="start"
              transform=""
              x="546"
              y="184.5"
            >
              <tspan
                dy="0.355em"
                x="546"
              >
                20
              </tspan>
            </text>
          </svg>
          <path
            class=" "
            d="M 40.5,30 
                      h367 
                      a8,8 0 0 1 8,8 
                      v55 
                      a8,8 0 0 1 -8,8 
                      h-367 
                      z"
            fill="url('#horizontal-slant-pattern-2-#FF6914')"
            stroke="#FBCBB0"
            stroke-width="0.5"
            style="filter: url('#horizontal-shadow-2-#FF6914');"
          />
          <svg
            style="overflow: visible;"
            x="0"
            y="0"
          >
            <text
              class="label-small fill-text-text"
              text-anchor="start"
              transform=""
              x="421"
              y="65.5"
            >
              <tspan
                dy="0.355em"
                x="421"
              >
                15
              </tspan>
            </text>
          </svg>
          <defs>
            <lineargradient
              gradientTransform="rotate(0)"
              id="horizontal-bar-gradient-max"
            >
              <stop
                offset="41.13%"
                stop-color="#FE9F69"
              />
              <stop
                offset="81.93%"
                stop-color="#F15701"
              />
            </lineargradient>
            <filter
              color-interpolation-filters="sRGB"
              filterUnits="userSpaceOnUse"
              id="horizontal-shadow-max"
            >
              <fedropshadow
                dx="0"
                dy="4"
                flood-color="rgb(241,87,1)"
                stdDeviation="0"
              />
            </filter>
            <filter
              color-interpolation-filters="sRGB"
              filterUnits="userSpaceOnUse"
              id="horizontal-shadow-0-#FF6914"
            >
              <fedropshadow
                dx="0"
                dy="4"
                flood-color="rgba(255, 105, 20, 0.3)"
                stdDeviation="0"
              />
            </filter>
            <filter
              color-interpolation-filters="sRGB"
              filterUnits="userSpaceOnUse"
              id="horizontal-shadow-1-#FF6914"
            >
              <fedropshadow
                dx="0"
                dy="4"
                flood-color="rgba(255, 105, 20, 0.3)"
                stdDeviation="0"
              />
            </filter>
            <filter
              color-interpolation-filters="sRGB"
              filterUnits="userSpaceOnUse"
              id="horizontal-shadow-2-#FF6914"
            >
              <fedropshadow
                dx="0"
                dy="4"
                flood-color="rgba(255, 105, 20, 0.3)"
                stdDeviation="0"
              />
            </filter>
            <pattern
              height="10"
              id="horizontal-slant-pattern-0-#FF6914"
              patternUnits="userSpaceOnUse"
              width="10"
            >
              <rect
                fill="#FFFFFF"
                height="10"
                width="10"
              />
              <rect
                class="undefined"
                fill="#FEF4EE"
                height="10"
                width="10"
              />
              <path
                class="undefined"
                d="M-2,2 l4,-4 M0,10 l10,-10 M8,12 l4,-4"
                stroke="#FFE3D4"
                stroke-width="1"
              />
            </pattern>
            <pattern
              height="10"
              id="horizontal-slant-pattern-1-#FF6914"
              patternUnits="userSpaceOnUse"
              width="10"
            >
              <rect
                fill="#FFFFFF"
                height="10"
                width="10"
              />
              <rect
                class="undefined"
                fill="#FEF4EE"
                height="10"
                width="10"
              />
              <path
                class="undefined"
                d="M-2,2 l4,-4 M0,10 l10,-10 M8,12 l4,-4"
                stroke="#FFE3D4"
                stroke-width="1"
              />
            </pattern>
            <pattern
              height="10"
              id="horizontal-slant-pattern-2-#FF6914"
              patternUnits="userSpaceOnUse"
              width="10"
            >
              <rect
                fill="#FFFFFF"
                height="10"
                width="10"
              />
              <rect
                class="undefined"
                fill="#FEF4EE"
                height="10"
                width="10"
              />
              <path
                class="undefined"
                d="M-2,2 l4,-4 M0,10 l10,-10 M8,12 l4,-4"
                stroke="#FFE3D4"
                stroke-width="1"
              />
            </pattern>
          </defs>
        </g>
        <g
          class="visx-group visx-axis visx-axis-bottom"
          transform="translate(0, 354)"
        >
          <g
            class="visx-group visx-axis-tick"
            transform="translate(0, 0)"
          >
            <svg
              style="overflow: visible;"
              x="0"
              y="0.5rem"
            >
              <text
                class="!label-small fill-[rgba(0,0,0,0.4)]"
                text-anchor="middle"
                transform=""
                x="40"
                y="18"
              >
                <tspan
                  dy="0em"
                  x="40"
                >
                  0
                </tspan>
              </text>
            </svg>
          </g>
          <g
            class="visx-group visx-axis-tick"
            transform="translate(0, 0)"
          >
            <svg
              style="overflow: visible;"
              x="0"
              y="0.5rem"
            >
              <text
                class="!label-small fill-[rgba(0,0,0,0.4)]"
                text-anchor="middle"
                transform=""
                x="90"
                y="18"
              >
                <tspan
                  dy="0em"
                  x="90"
                >
                  2
                </tspan>
              </text>
            </svg>
          </g>
          <g
            class="visx-group visx-axis-tick"
            transform="translate(0, 0)"
          >
            <svg
              style="overflow: visible;"
              x="0"
              y="0.5rem"
            >
              <text
                class="!label-small fill-[rgba(0,0,0,0.4)]"
                text-anchor="middle"
                transform=""
                x="140"
                y="18"
              >
                <tspan
                  dy="0em"
                  x="140"
                >
                  4
                </tspan>
              </text>
            </svg>
          </g>
          <g
            class="visx-group visx-axis-tick"
            transform="translate(0, 0)"
          >
            <svg
              style="overflow: visible;"
              x="0"
              y="0.5rem"
            >
              <text
                class="!label-small fill-[rgba(0,0,0,0.4)]"
                text-anchor="middle"
                transform=""
                x="190"
                y="18"
              >
                <tspan
                  dy="0em"
                  x="190"
                >
                  6
                </tspan>
              </text>
            </svg>
          </g>
          <g
            class="visx-group visx-axis-tick"
            transform="translate(0, 0)"
          >
            <svg
              style="overflow: visible;"
              x="0"
              y="0.5rem"
            >
              <text
                class="!label-small fill-[rgba(0,0,0,0.4)]"
                text-anchor="middle"
                transform=""
                x="240"
                y="18"
              >
                <tspan
                  dy="0em"
                  x="240"
                >
                  8
                </tspan>
              </text>
            </svg>
          </g>
          <g
            class="visx-group visx-axis-tick"
            transform="translate(0, 0)"
          >
            <svg
              style="overflow: visible;"
              x="0"
              y="0.5rem"
            >
              <text
                class="!label-small fill-[rgba(0,0,0,0.4)]"
                text-anchor="middle"
                transform=""
                x="290"
                y="18"
              >
                <tspan
                  dy="0em"
                  x="290"
                >
                  10
                </tspan>
              </text>
            </svg>
          </g>
          <g
            class="visx-group visx-axis-tick"
            transform="translate(0, 0)"
          >
            <svg
              style="overflow: visible;"
              x="0"
              y="0.5rem"
            >
              <text
                class="!label-small fill-[rgba(0,0,0,0.4)]"
                text-anchor="middle"
                transform=""
                x="340"
                y="18"
              >
                <tspan
                  dy="0em"
                  x="340"
                >
                  12
                </tspan>
              </text>
            </svg>
          </g>
          <g
            class="visx-group visx-axis-tick"
            transform="translate(0, 0)"
          >
            <svg
              style="overflow: visible;"
              x="0"
              y="0.5rem"
            >
              <text
                class="!label-small fill-[rgba(0,0,0,0.4)]"
                text-anchor="middle"
                transform=""
                x="390"
                y="18"
              >
                <tspan
                  dy="0em"
                  x="390"
                >
                  14
                </tspan>
              </text>
            </svg>
          </g>
          <g
            class="visx-group visx-axis-tick"
            transform="translate(0, 0)"
          >
            <svg
              style="overflow: visible;"
              x="0"
              y="0.5rem"
            >
              <text
                class="!label-small fill-[rgba(0,0,0,0.4)]"
                text-anchor="middle"
                transform=""
                x="440"
                y="18"
              >
                <tspan
                  dy="0em"
                  x="440"
                >
                  16
                </tspan>
              </text>
            </svg>
          </g>
          <g
            class="visx-group visx-axis-tick"
            transform="translate(0, 0)"
          >
            <svg
              style="overflow: visible;"
              x="0"
              y="0.5rem"
            >
              <text
                class="!label-small fill-[rgba(0,0,0,0.4)]"
                text-anchor="middle"
                transform=""
                x="490"
                y="18"
              >
                <tspan
                  dy="0em"
                  x="490"
                >
                  18
                </tspan>
              </text>
            </svg>
          </g>
          <g
            class="visx-group visx-axis-tick"
            transform="translate(0, 0)"
          >
            <svg
              style="overflow: visible;"
              x="0"
              y="0.5rem"
            >
              <text
                class="!label-small fill-[rgba(0,0,0,0.4)]"
                text-anchor="middle"
                transform=""
                x="540"
                y="18"
              >
                <tspan
                  dy="0em"
                  x="540"
                >
                  20
                </tspan>
              </text>
            </svg>
          </g>
        </g>
      </g>
    </svg>
  </div>
</DocumentFragment>
`;
