// Jest Snapshot v1, https://jestjs.io/docs/snapshot-testing

exports[`button click 1`] = `
<body>
  <div>
    <button
      class=" bg-fill-action hover:bg-fill-action-pressed !shadow-border-brand-focus-ring active:bg-fill-action-pressed disabled:bg-fill-action-disabled text-fill-fill active:text-text-on-fill-action-pressed disabled:text-text-disabled [&:not(:focus)]:shadow-[0px_1px_2px_0px] [&:not(:focus)]:!shadow-[rgba(27,32,41,0.05)] label-large h-12 px-6   flex items-center justify-center  rounded-lg font-semibold  !outline-none focus-visible:shadow-[0px_0px_0px_4px] disabled:cursor-not-allowed "
      data-testid="defaultButtonTestId"
      type="button"
    />
  </div>
</body>
`;

exports[`loading state 1`] = `
<body>
  <div>
    <button
      class=" bg-fill-action hover:bg-fill-action-pressed !shadow-border-brand-focus-ring active:bg-fill-action-pressed disabled:bg-fill-action-disabled text-fill-fill active:text-text-on-fill-action-pressed disabled:text-text-disabled [&:not(:focus)]:shadow-[0px_1px_2px_0px] [&:not(:focus)]:!shadow-[rgba(27,32,41,0.05)] label-large h-12 px-6   flex items-center justify-center  rounded-lg font-semibold  !outline-none focus-visible:shadow-[0px_0px_0px_4px] disabled:cursor-not-allowed "
      data-testid="defaultButtonTestId"
      type="button"
    >
      <svg
        class=""
        fill="currentColor"
        height="24"
        width="24"
        xmlns="http://www.w3.org/2000/svg"
      >
        <rect
          class="origin-center"
          height="1.5"
          rx="1.5"
          transform="rotate(0)"
          width="6"
          x="16.75"
          y="11.25"
        >
          <animate
            attributeName="width"
            begin="0ms"
            dur="1600ms"
            repeatCount="indefinite"
            values="6;6;3;6;6"
          />
        </rect>
        <rect
          class="origin-center"
          height="1.5"
          rx="1.5"
          transform="rotate(45)"
          width="6"
          x="16.75"
          y="11.25"
        >
          <animate
            attributeName="width"
            begin="200ms"
            dur="1600ms"
            repeatCount="indefinite"
            values="6;6;3;6;6"
          />
        </rect>
        <rect
          class="origin-center"
          height="1.5"
          rx="1.5"
          transform="rotate(90)"
          width="6"
          x="16.75"
          y="11.25"
        >
          <animate
            attributeName="width"
            begin="400ms"
            dur="1600ms"
            repeatCount="indefinite"
            values="6;6;3;6;6"
          />
        </rect>
        <rect
          class="origin-center"
          height="1.5"
          rx="1.5"
          transform="rotate(135)"
          width="6"
          x="16.75"
          y="11.25"
        >
          <animate
            attributeName="width"
            begin="600ms"
            dur="1600ms"
            repeatCount="indefinite"
            values="6;6;3;6;6"
          />
        </rect>
        <rect
          class="origin-center"
          height="1.5"
          rx="1.5"
          transform="rotate(180)"
          width="6"
          x="16.75"
          y="11.25"
        >
          <animate
            attributeName="width"
            begin="800ms"
            dur="1600ms"
            repeatCount="indefinite"
            values="6;6;3;6;6"
          />
        </rect>
        <rect
          class="origin-center"
          height="1.5"
          rx="1.5"
          transform="rotate(225)"
          width="6"
          x="16.75"
          y="11.25"
        >
          <animate
            attributeName="width"
            begin="1000ms"
            dur="1600ms"
            repeatCount="indefinite"
            values="6;6;3;6;6"
          />
        </rect>
        <rect
          class="origin-center"
          height="1.5"
          rx="1.5"
          transform="rotate(270)"
          width="6"
          x="16.75"
          y="11.25"
        >
          <animate
            attributeName="width"
            begin="1200ms"
            dur="1600ms"
            repeatCount="indefinite"
            values="6;6;3;6;6"
          />
        </rect>
        <rect
          class="origin-center"
          height="1.5"
          rx="1.5"
          transform="rotate(315)"
          width="6"
          x="16.75"
          y="11.25"
        >
          <animate
            attributeName="width"
            begin="1400ms"
            dur="1600ms"
            repeatCount="indefinite"
            values="6;6;3;6;6"
          />
        </rect>
      </svg>
    </button>
  </div>
</body>
`;
